error: `name` value should be a string
 --> tests/trace/ui/err/003-name-is-boolean.rs:3:9
  |
3 | #[trace(name = true)]
  |         ^^^^
